// Jest Snapshot v1, https://goo.gl/fbAQLP

exports[`App should match snapshot 1`] = `
<Fragment>
  <div
    className="App"
  >
    <div>
      Hello World!!! 
      0
    </div>
  </div>
  <button
    onClick={[Function]}
  >
    +1
  </button>
</Fragment>
`;
